2025-12-12 10:55:15 - root - INFO - ================================================================================
2025-12-12 10:55:15 - root - INFO - Logging system initialized - Level: INFO
2025-12-12 10:55:15 - root - INFO - Logs directory: C:\Users\asithlud\Downloads\dhl-tracking-system\data\logs
2025-12-12 10:55:15 - root - INFO - App Log: data\logs\app.log
2025-12-12 10:55:15 - root - INFO - Automation Log: data\logs\automation.log
2025-12-12 10:55:15 - root - INFO - Error Log: data\logs\errors.log
2025-12-12 10:55:15 - root - INFO - Scheduler Log: data\logs\scheduler.log
2025-12-12 10:55:15 - root - INFO - ================================================================================
2025-12-12 10:55:15 - __main__ - INFO - Configuration loaded from ./config/automation_config.yaml
2025-12-12 10:55:15 - app.Automation.file_watcher - INFO - --> Folder accessible: Local Inbox -> data\inbox
2025-12-12 10:55:15 - app.Automation.file_watcher - INFO - --> Folder accessible: DHL Production Server -> \\soj3serv07\Production To Office\DHL\inbox
2025-12-12 10:55:15 - app.Automation.file_watcher - INFO - File Watcher initialized
2025-12-12 10:55:15 - app.Automation.file_watcher - INFO - Monitoring 2 inbox folder(s)
2025-12-12 10:55:15 - app.Automation.file_watcher - INFO - Processed: data\processed
2025-12-12 10:55:15 - app.Automation.file_watcher - INFO - Failed: data\failed
2025-12-12 10:55:15 - app.Automation.scheduler - INFO - Automation Scheduler initialized
2025-12-12 10:55:15 - __main__ - INFO - :) Automation Service initialized
2025-12-12 10:55:15 - __main__ - INFO - ============================================================
2025-12-12 10:55:15 - __main__ - INFO - --> Starting DHL Tracking Automation Service
2025-12-12 10:55:15 - __main__ - INFO - ============================================================
2025-12-12 10:55:15 - apscheduler.scheduler - INFO - Adding job tentatively -- it will be properly scheduled when the scheduler starts
2025-12-12 10:55:15 - app.Automation.scheduler - INFO - Scheduled task 'daily_file_scan' at 09:00 daily
2025-12-12 10:55:15 - apscheduler.scheduler - INFO - Added job "daily_file_scan" to job store "default"
2025-12-12 10:55:15 - apscheduler.scheduler - INFO - Scheduler started
2025-12-12 10:55:15 - app.Automation.scheduler - INFO - --> Scheduler started
2025-12-12 10:55:15 - app.Automation.scheduler - INFO - Next run for 'daily_file_scan': 2025-12-13 09:00:00+02:00
2025-12-12 10:55:15 - __main__ - INFO - 📅 Scheduled daily scan at 09:00
2025-12-12 10:55:15 - __main__ - INFO - 📄 Auto-reports enabled (PDF format)
2025-12-12 10:55:15 - __main__ - INFO - ⚡ Immediate processing enabled
2025-12-12 10:55:15 - __main__ - INFO - 👁️ File watcher started (checking every 10 seconds)
2025-12-12 10:55:15 - __main__ - INFO -  ... Scanning all inbox folders for new files...
2025-12-12 10:55:17 - __main__ - INFO - Found 1 new file(s)
2025-12-12 10:55:17 - __main__ - INFO - Processing file: waybill_test17.xlsx (from: Local Inbox)
2025-12-12 10:55:17 - app.core.file_processor - INFO - File saved: ./data/uploads\upload_20251212_105517.xlsx
2025-12-12 10:55:18 - app.core.file_processor - INFO - No binID column found, all binIDs will be None
2025-12-12 10:55:18 - app.core.file_processor - INFO - Extracted 2 tracking records from Excel
2025-12-12 10:55:18 - app.core.file_processor - INFO - Cleaned up file: ./data/uploads\upload_20251212_105517.xlsx
2025-12-12 10:55:18 - __main__ - INFO - Extracted 2 records from waybill_test17.xlsx
2025-12-12 10:55:18 - app.core.batch_processor - INFO - Using cached data for 1621160925 (binID: None)
2025-12-12 10:55:18 - app.core.batch_processor - INFO - Using cached data for 2906450470 (binID: None)
2025-12-12 10:55:18 - app.core.batch_processor - INFO - 
================================================================================
2025-12-12 10:55:18 - app.core.batch_processor - INFO - BATCH batch_20251212_105518_3a1d22d6 COMPLETE
2025-12-12 10:55:18 - app.core.batch_processor - INFO - ================================================================================
2025-12-12 10:55:18 - app.core.batch_processor - INFO - Successful: 2/2
2025-12-12 10:55:18 - app.core.batch_processor - INFO - Failed: 0/2
2025-12-12 10:55:18 - app.core.batch_processor - INFO - API calls made: 0
2025-12-12 10:55:18 - app.core.batch_processor - INFO - Processing time: 0.02s
2025-12-12 10:55:18 - app.core.batch_processor - INFO - ================================================================================

2025-12-12 10:55:18 - __main__ - INFO - Processing complete: 2 successful, 0 failed
2025-12-12 10:55:18 - app.Automation.file_watcher - INFO - Moved to processed: waybill_test17.xlsx -> Local_Inbox_waybill_test17_20251212_105518.xlsx
2025-12-12 10:55:18 - __main__ - INFO - 📄 Generating automatic report for 2 records...
2025-12-12 10:55:18 - app.core.export_services - INFO - PDF generated: ./exports\tracking_report_20251212_105518.pdf
2025-12-12 10:55:18 - __main__ - INFO - [:)] Report generated: tracking_report_20251212_105518.pdf
2025-12-12 10:55:18 - __main__ - INFO - <-> Saved to: ./exports\tracking_report_20251212_105518.pdf
2025-12-12 10:55:18 - __main__ - INFO - SMTP_USER: asithandileludonga6@gmail.com
2025-12-12 10:55:18 - __main__ - INFO - SMTP_PASS: irzdlzrnplgxjsjl
2025-12-12 10:55:18 - __main__ - INFO - EMAIL_TO: asithandileludonga78@gmail.com,2366821@students.wits.ac.za
2025-12-12 10:55:18 - __main__ - INFO - Enabled: True
2025-12-12 10:55:28 - __main__ - INFO -  ... Scanning all inbox folders for new files...
2025-12-12 10:55:28 - __main__ - INFO - No new files found
2025-12-12 10:55:38 - __main__ - INFO -  ... Scanning all inbox folders for new files...
2025-12-12 10:55:38 - __main__ - INFO - No new files found
2025-12-12 10:55:48 - __main__ - INFO -  ... Scanning all inbox folders for new files...
2025-12-12 10:55:48 - __main__ - INFO - No new files found
2025-12-12 10:55:58 - __main__ - INFO -  ... Scanning all inbox folders for new files...
2025-12-12 10:55:58 - __main__ - INFO - No new files found
2025-12-12 10:56:08 - __main__ - INFO -  ... Scanning all inbox folders for new files...
2025-12-12 10:56:08 - __main__ - INFO - No new files found
2025-12-12 10:56:18 - __main__ - INFO -  ... Scanning all inbox folders for new files...
2025-12-12 10:56:18 - __main__ - INFO - No new files found
2025-12-12 10:56:28 - __main__ - INFO -  ... Scanning all inbox folders for new files...
2025-12-12 10:56:28 - __main__ - INFO - No new files found
2025-12-12 10:56:38 - __main__ - INFO -  ... Scanning all inbox folders for new files...
2025-12-12 10:56:38 - __main__ - INFO - No new files found
2025-12-12 10:56:48 - __main__ - INFO -  ... Scanning all inbox folders for new files...
2025-12-12 10:56:48 - __main__ - INFO - No new files found
2025-12-12 10:56:58 - __main__ - INFO -  ... Scanning all inbox folders for new files...
2025-12-12 10:56:58 - __main__ - INFO - No new files found
2025-12-12 10:57:08 - __main__ - INFO -  ... Scanning all inbox folders for new files...
2025-12-12 10:57:08 - __main__ - INFO - No new files found
2025-12-12 10:57:18 - __main__ - INFO -  ... Scanning all inbox folders for new files...
2025-12-12 10:57:18 - __main__ - INFO - No new files found
2025-12-12 10:57:28 - __main__ - INFO -  ... Scanning all inbox folders for new files...
2025-12-12 10:57:28 - __main__ - INFO - No new files found
2025-12-12 10:57:38 - __main__ - INFO -  ... Scanning all inbox folders for new files...
2025-12-12 10:57:38 - __main__ - INFO - No new files found
2025-12-12 10:57:48 - __main__ - INFO -  ... Scanning all inbox folders for new files...
2025-12-12 10:57:48 - __main__ - INFO - No new files found
2025-12-12 10:57:58 - __main__ - INFO -  ... Scanning all inbox folders for new files...
2025-12-12 10:57:58 - __main__ - INFO - No new files found
2025-12-12 10:58:08 - __main__ - INFO -  ... Scanning all inbox folders for new files...
2025-12-12 10:58:08 - __main__ - INFO - No new files found
2025-12-12 10:58:18 - __main__ - INFO -  ... Scanning all inbox folders for new files...
2025-12-12 10:58:18 - __main__ - INFO - No new files found
2025-12-12 10:58:28 - __main__ - INFO -  ... Scanning all inbox folders for new files...
2025-12-12 10:58:28 - __main__ - INFO - No new files found
2025-12-12 10:58:38 - __main__ - INFO -  ... Scanning all inbox folders for new files...
2025-12-12 10:58:38 - __main__ - INFO - No new files found
2025-12-12 10:58:48 - __main__ - INFO -  ... Scanning all inbox folders for new files...
2025-12-12 10:58:48 - __main__ - INFO - No new files found
2025-12-12 10:58:58 - __main__ - INFO -  ... Scanning all inbox folders for new files...
2025-12-12 10:58:58 - __main__ - INFO - No new files found
2025-12-12 10:59:08 - __main__ - INFO -  ... Scanning all inbox folders for new files...
2025-12-12 10:59:08 - __main__ - INFO - No new files found
2025-12-12 10:59:18 - __main__ - INFO -  ... Scanning all inbox folders for new files...
2025-12-12 10:59:18 - __main__ - INFO - No new files found
2025-12-12 10:59:28 - __main__ - INFO -  ... Scanning all inbox folders for new files...
2025-12-12 10:59:28 - __main__ - INFO - No new files found
2025-12-12 10:59:38 - __main__ - INFO -  ... Scanning all inbox folders for new files...
2025-12-12 10:59:38 - __main__ - INFO - No new files found
2025-12-12 10:59:48 - __main__ - INFO -  ... Scanning all inbox folders for new files...
2025-12-12 10:59:48 - __main__ - INFO - No new files found
2025-12-12 10:59:58 - __main__ - INFO -  ... Scanning all inbox folders for new files...
2025-12-12 10:59:58 - __main__ - INFO - No new files found
2025-12-12 11:00:08 - __main__ - INFO -  ... Scanning all inbox folders for new files...
2025-12-12 11:00:08 - __main__ - INFO - No new files found
2025-12-12 11:00:18 - __main__ - INFO -  ... Scanning all inbox folders for new files...
2025-12-12 11:00:18 - __main__ - INFO - No new files found
2025-12-12 11:00:28 - __main__ - INFO -  ... Scanning all inbox folders for new files...
2025-12-12 11:00:28 - __main__ - INFO - No new files found
2025-12-12 11:00:38 - __main__ - INFO -  ... Scanning all inbox folders for new files...
2025-12-12 11:00:38 - __main__ - INFO - No new files found
2025-12-12 11:00:48 - __main__ - INFO -  ... Scanning all inbox folders for new files...
2025-12-12 11:00:48 - __main__ - INFO - No new files found
2025-12-12 11:00:58 - __main__ - INFO -  ... Scanning all inbox folders for new files...
2025-12-12 11:00:58 - __main__ - INFO - No new files found
2025-12-12 11:01:08 - __main__ - INFO -  ... Scanning all inbox folders for new files...
2025-12-12 11:01:08 - __main__ - INFO - No new files found
2025-12-12 11:01:18 - __main__ - INFO -  ... Scanning all inbox folders for new files...
2025-12-12 11:01:18 - __main__ - INFO - No new files found
2025-12-12 11:01:28 - __main__ - INFO -  ... Scanning all inbox folders for new files...
2025-12-12 11:01:28 - __main__ - INFO - No new files found
2025-12-12 11:01:38 - __main__ - INFO -  ... Scanning all inbox folders for new files...
2025-12-12 11:01:38 - __main__ - INFO - No new files found
2025-12-12 11:01:48 - __main__ - INFO -  ... Scanning all inbox folders for new files...
2025-12-12 11:01:48 - __main__ - INFO - No new files found
2025-12-12 11:01:58 - __main__ - INFO -  ... Scanning all inbox folders for new files...
2025-12-12 11:01:58 - __main__ - INFO - No new files found
2025-12-12 11:02:08 - __main__ - INFO -  ... Scanning all inbox folders for new files...
2025-12-12 11:02:08 - __main__ - INFO - No new files found
2025-12-12 11:02:18 - __main__ - INFO -  ... Scanning all inbox folders for new files...
2025-12-12 11:02:18 - __main__ - INFO - No new files found
2025-12-12 11:02:28 - __main__ - INFO -  ... Scanning all inbox folders for new files...
2025-12-12 11:02:28 - __main__ - INFO - No new files found
2025-12-12 11:02:39 - __main__ - INFO -  ... Scanning all inbox folders for new files...
2025-12-12 11:02:39 - __main__ - INFO - No new files found
2025-12-12 11:02:49 - __main__ - INFO -  ... Scanning all inbox folders for new files...
2025-12-12 11:02:49 - __main__ - INFO - No new files found
2025-12-12 11:02:59 - __main__ - INFO -  ... Scanning all inbox folders for new files...
2025-12-12 11:02:59 - __main__ - INFO - No new files found
2025-12-12 11:03:09 - __main__ - INFO -  ... Scanning all inbox folders for new files...
2025-12-12 11:03:09 - __main__ - INFO - No new files found
2025-12-12 11:03:19 - __main__ - INFO -  ... Scanning all inbox folders for new files...
2025-12-12 11:03:19 - __main__ - INFO - No new files found
2025-12-12 11:03:29 - __main__ - INFO -  ... Scanning all inbox folders for new files...
2025-12-12 11:03:29 - __main__ - INFO - No new files found
2025-12-12 11:03:39 - __main__ - INFO -  ... Scanning all inbox folders for new files...
2025-12-12 11:03:39 - __main__ - INFO - No new files found
2025-12-12 11:03:49 - __main__ - INFO -  ... Scanning all inbox folders for new files...
2025-12-12 11:03:49 - __main__ - INFO - No new files found
2025-12-12 11:03:59 - __main__ - INFO -  ... Scanning all inbox folders for new files...
2025-12-12 11:03:59 - __main__ - INFO - No new files found
2025-12-12 11:04:09 - __main__ - INFO -  ... Scanning all inbox folders for new files...
2025-12-12 11:04:09 - __main__ - INFO - No new files found
2025-12-12 11:04:19 - __main__ - INFO -  ... Scanning all inbox folders for new files...
2025-12-12 11:04:19 - __main__ - INFO - No new files found
2025-12-12 11:04:29 - __main__ - INFO -  ... Scanning all inbox folders for new files...
2025-12-12 11:04:29 - __main__ - INFO - No new files found
2025-12-12 11:04:39 - __main__ - INFO -  ... Scanning all inbox folders for new files...
2025-12-12 11:04:39 - __main__ - INFO - No new files found
2025-12-12 11:04:49 - __main__ - INFO -  ... Scanning all inbox folders for new files...
2025-12-12 11:04:49 - __main__ - INFO - No new files found
2025-12-12 11:04:59 - __main__ - INFO -  ... Scanning all inbox folders for new files...
2025-12-12 11:04:59 - __main__ - INFO - No new files found
2025-12-12 11:05:09 - __main__ - INFO -  ... Scanning all inbox folders for new files...
2025-12-12 11:05:09 - __main__ - INFO - No new files found
2025-12-12 11:05:19 - __main__ - INFO -  ... Scanning all inbox folders for new files...
2025-12-12 11:05:19 - __main__ - INFO - No new files found
2025-12-12 11:05:29 - __main__ - INFO -  ... Scanning all inbox folders for new files...
2025-12-12 11:05:29 - __main__ - INFO - No new files found
2025-12-12 11:05:39 - __main__ - INFO -  ... Scanning all inbox folders for new files...
2025-12-12 11:05:39 - __main__ - INFO - No new files found
2025-12-12 11:05:49 - __main__ - INFO -  ... Scanning all inbox folders for new files...
2025-12-12 11:05:49 - __main__ - INFO - No new files found
2025-12-12 11:05:59 - __main__ - INFO -  ... Scanning all inbox folders for new files...
2025-12-12 11:05:59 - __main__ - INFO - No new files found
2025-12-12 11:06:09 - __main__ - INFO -  ... Scanning all inbox folders for new files...
2025-12-12 11:06:09 - __main__ - INFO - No new files found
2025-12-12 11:06:19 - __main__ - INFO -  ... Scanning all inbox folders for new files...
2025-12-12 11:06:19 - __main__ - INFO - No new files found
2025-12-12 11:06:29 - __main__ - INFO -  ... Scanning all inbox folders for new files...
2025-12-12 11:06:29 - __main__ - INFO - No new files found
2025-12-12 11:06:39 - __main__ - INFO -  ... Scanning all inbox folders for new files...
2025-12-12 11:06:39 - __main__ - INFO - No new files found
2025-12-12 11:06:49 - __main__ - INFO -  ... Scanning all inbox folders for new files...
2025-12-12 11:06:49 - __main__ - INFO - No new files found
2025-12-12 11:06:59 - __main__ - INFO -  ... Scanning all inbox folders for new files...
2025-12-12 11:06:59 - __main__ - INFO - No new files found
2025-12-12 11:07:09 - __main__ - INFO -  ... Scanning all inbox folders for new files...
2025-12-12 11:07:09 - __main__ - INFO - No new files found
2025-12-12 11:07:19 - __main__ - INFO -  ... Scanning all inbox folders for new files...
2025-12-12 11:07:19 - __main__ - INFO - No new files found
2025-12-12 11:07:29 - __main__ - INFO -  ... Scanning all inbox folders for new files...
2025-12-12 11:07:29 - __main__ - INFO - No new files found
2025-12-12 11:07:39 - __main__ - INFO -  ... Scanning all inbox folders for new files...
2025-12-12 11:07:39 - __main__ - INFO - No new files found
2025-12-12 11:07:49 - __main__ - INFO -  ... Scanning all inbox folders for new files...
2025-12-12 11:07:49 - __main__ - INFO - No new files found
2025-12-12 11:07:59 - __main__ - INFO -  ... Scanning all inbox folders for new files...
2025-12-12 11:07:59 - __main__ - INFO - No new files found
2025-12-12 11:08:09 - __main__ - INFO -  ... Scanning all inbox folders for new files...
2025-12-12 11:08:09 - __main__ - INFO - No new files found
2025-12-12 11:08:19 - __main__ - INFO -  ... Scanning all inbox folders for new files...
2025-12-12 11:08:19 - __main__ - INFO - No new files found
2025-12-12 11:08:29 - __main__ - INFO -  ... Scanning all inbox folders for new files...
2025-12-12 11:08:29 - __main__ - INFO - No new files found
2025-12-12 11:08:39 - __main__ - INFO -  ... Scanning all inbox folders for new files...
2025-12-12 11:08:39 - __main__ - INFO - No new files found
2025-12-12 11:08:49 - __main__ - INFO -  ... Scanning all inbox folders for new files...
2025-12-12 11:08:49 - __main__ - INFO - No new files found
2025-12-12 11:08:59 - __main__ - INFO -  ... Scanning all inbox folders for new files...
2025-12-12 11:08:59 - __main__ - INFO - No new files found
2025-12-12 11:09:09 - __main__ - INFO -  ... Scanning all inbox folders for new files...
2025-12-12 11:09:09 - __main__ - INFO - No new files found
2025-12-12 11:09:19 - __main__ - INFO -  ... Scanning all inbox folders for new files...
2025-12-12 11:09:19 - __main__ - INFO - No new files found
2025-12-12 11:09:29 - __main__ - INFO -  ... Scanning all inbox folders for new files...
2025-12-12 11:09:29 - __main__ - INFO - No new files found
2025-12-12 11:09:39 - __main__ - INFO -  ... Scanning all inbox folders for new files...
2025-12-12 11:09:39 - __main__ - INFO - No new files found
2025-12-12 11:09:49 - __main__ - INFO -  ... Scanning all inbox folders for new files...
2025-12-12 11:09:49 - __main__ - INFO - No new files found
2025-12-12 11:09:59 - __main__ - INFO -  ... Scanning all inbox folders for new files...
2025-12-12 11:09:59 - __main__ - INFO - No new files found
2025-12-12 11:10:09 - __main__ - INFO -  ... Scanning all inbox folders for new files...
2025-12-12 11:10:09 - __main__ - INFO - No new files found
2025-12-12 11:10:19 - __main__ - INFO -  ... Scanning all inbox folders for new files...
2025-12-12 11:10:19 - __main__ - INFO - No new files found
2025-12-12 11:10:29 - __main__ - INFO -  ... Scanning all inbox folders for new files...
2025-12-12 11:10:29 - __main__ - INFO - No new files found
2025-12-12 11:10:39 - __main__ - INFO -  ... Scanning all inbox folders for new files...
2025-12-12 11:10:39 - __main__ - INFO - No new files found
2025-12-12 11:10:49 - __main__ - INFO -  ... Scanning all inbox folders for new files...
2025-12-12 11:10:49 - __main__ - INFO - No new files found
2025-12-12 11:10:59 - __main__ - INFO -  ... Scanning all inbox folders for new files...
2025-12-12 11:10:59 - __main__ - INFO - No new files found
2025-12-12 11:11:09 - __main__ - INFO -  ... Scanning all inbox folders for new files...
2025-12-12 11:11:09 - __main__ - INFO - No new files found
2025-12-12 11:11:19 - __main__ - INFO -  ... Scanning all inbox folders for new files...
2025-12-12 11:11:19 - __main__ - INFO - No new files found
2025-12-12 11:11:29 - __main__ - INFO -  ... Scanning all inbox folders for new files...
2025-12-12 11:11:29 - __main__ - INFO - No new files found
2025-12-12 11:11:39 - __main__ - INFO -  ... Scanning all inbox folders for new files...
2025-12-12 11:11:39 - __main__ - INFO - No new files found
2025-12-12 11:11:49 - __main__ - INFO -  ... Scanning all inbox folders for new files...
2025-12-12 11:11:49 - __main__ - INFO - No new files found
2025-12-12 11:11:59 - __main__ - INFO -  ... Scanning all inbox folders for new files...
2025-12-12 11:11:59 - __main__ - INFO - No new files found
2025-12-12 11:12:09 - __main__ - INFO -  ... Scanning all inbox folders for new files...
2025-12-12 11:12:09 - __main__ - INFO - No new files found
2025-12-12 11:12:19 - __main__ - INFO -  ... Scanning all inbox folders for new files...
2025-12-12 11:12:19 - __main__ - INFO - No new files found
2025-12-12 11:12:29 - __main__ - INFO -  ... Scanning all inbox folders for new files...
2025-12-12 11:12:29 - __main__ - INFO - No new files found
2025-12-12 11:12:39 - __main__ - INFO -  ... Scanning all inbox folders for new files...
2025-12-12 11:12:39 - __main__ - INFO - No new files found
2025-12-12 11:12:49 - __main__ - INFO -  ... Scanning all inbox folders for new files...
2025-12-12 11:12:49 - __main__ - INFO - No new files found
2025-12-12 11:12:59 - __main__ - INFO -  ... Scanning all inbox folders for new files...
2025-12-12 11:12:59 - __main__ - INFO - No new files found
2025-12-12 11:13:09 - __main__ - INFO -  ... Scanning all inbox folders for new files...
2025-12-12 11:13:09 - __main__ - INFO - No new files found
2025-12-12 11:13:19 - __main__ - INFO -  ... Scanning all inbox folders for new files...
2025-12-12 11:13:19 - __main__ - INFO - No new files found
2025-12-12 11:13:29 - __main__ - INFO -  ... Scanning all inbox folders for new files...
2025-12-12 11:13:29 - __main__ - INFO - No new files found
2025-12-12 11:13:39 - __main__ - INFO -  ... Scanning all inbox folders for new files...
2025-12-12 11:13:39 - __main__ - INFO - No new files found
2025-12-12 11:13:49 - __main__ - INFO -  ... Scanning all inbox folders for new files...
2025-12-12 11:13:49 - __main__ - INFO - No new files found
2025-12-12 11:13:59 - __main__ - INFO -  ... Scanning all inbox folders for new files...
2025-12-12 11:13:59 - __main__ - INFO - No new files found
2025-12-12 11:14:09 - __main__ - INFO -  ... Scanning all inbox folders for new files...
2025-12-12 11:14:09 - __main__ - INFO - No new files found
2025-12-12 11:14:19 - __main__ - INFO -  ... Scanning all inbox folders for new files...
2025-12-12 11:14:19 - __main__ - INFO - No new files found
2025-12-12 11:14:29 - __main__ - INFO -  ... Scanning all inbox folders for new files...
2025-12-12 11:14:29 - __main__ - INFO - No new files found
2025-12-12 11:14:39 - __main__ - INFO -  ... Scanning all inbox folders for new files...
2025-12-12 11:14:39 - __main__ - INFO - No new files found
2025-12-12 11:14:49 - __main__ - INFO -  ... Scanning all inbox folders for new files...
2025-12-12 11:14:49 - __main__ - INFO - No new files found
2025-12-12 11:14:59 - __main__ - INFO -  ... Scanning all inbox folders for new files...
2025-12-12 11:14:59 - __main__ - INFO - No new files found
2025-12-12 11:15:09 - __main__ - INFO -  ... Scanning all inbox folders for new files...
2025-12-12 11:15:09 - __main__ - INFO - No new files found
2025-12-12 11:15:19 - __main__ - INFO -  ... Scanning all inbox folders for new files...
2025-12-12 11:15:19 - __main__ - INFO - No new files found
2025-12-12 11:15:29 - __main__ - INFO -  ... Scanning all inbox folders for new files...
2025-12-12 11:15:29 - __main__ - INFO - No new files found
2025-12-12 11:15:39 - __main__ - INFO -  ... Scanning all inbox folders for new files...
2025-12-12 11:15:39 - __main__ - INFO - No new files found
2025-12-12 11:15:49 - __main__ - INFO -  ... Scanning all inbox folders for new files...
2025-12-12 11:15:49 - __main__ - INFO - No new files found
2025-12-12 11:15:59 - __main__ - INFO -  ... Scanning all inbox folders for new files...
2025-12-12 11:15:59 - __main__ - INFO - No new files found
2025-12-12 11:16:09 - __main__ - INFO -  ... Scanning all inbox folders for new files...
2025-12-12 11:16:09 - __main__ - INFO - No new files found
2025-12-12 11:16:19 - __main__ - INFO -  ... Scanning all inbox folders for new files...
2025-12-12 11:16:19 - __main__ - INFO - No new files found
2025-12-12 11:16:29 - __main__ - INFO -  ... Scanning all inbox folders for new files...
2025-12-12 11:16:29 - __main__ - INFO - No new files found
2025-12-12 11:16:39 - __main__ - INFO -  ... Scanning all inbox folders for new files...
2025-12-12 11:16:39 - __main__ - INFO - No new files found
2025-12-12 11:16:49 - __main__ - INFO -  ... Scanning all inbox folders for new files...
2025-12-12 11:16:49 - __main__ - INFO - No new files found
2025-12-12 11:16:59 - __main__ - INFO -  ... Scanning all inbox folders for new files...
2025-12-12 11:16:59 - __main__ - INFO - No new files found
2025-12-12 11:17:09 - __main__ - INFO -  ... Scanning all inbox folders for new files...
2025-12-12 11:17:09 - __main__ - INFO - No new files found
2025-12-12 11:17:19 - __main__ - INFO -  ... Scanning all inbox folders for new files...
2025-12-12 11:17:19 - __main__ - INFO - No new files found
2025-12-12 11:17:29 - __main__ - INFO -  ... Scanning all inbox folders for new files...
2025-12-12 11:17:29 - __main__ - INFO - No new files found
2025-12-12 11:17:39 - __main__ - INFO - Received signal 2
2025-12-12 11:17:39 - __main__ - INFO - 🛑 Stopping automation service...
2025-12-12 11:17:39 - app.Automation.scheduler - INFO - [X]--> Scheduler stopped
2025-12-12 11:17:39 - __main__ - INFO - ✅ Automation service stopped
2025-12-12 11:17:39 - apscheduler.scheduler - INFO - Scheduler has been shut down
2025-12-12 11:36:35 - root - INFO - ================================================================================
2025-12-12 11:36:35 - root - INFO - Logging system initialized - Level: INFO
2025-12-12 11:36:35 - root - INFO - Logs directory: C:\Users\asithlud\Downloads\dhl-tracking-system\data\logs
2025-12-12 11:36:35 - root - INFO - App Log: data\logs\app.log
2025-12-12 11:36:35 - root - INFO - Automation Log: data\logs\automation.log
2025-12-12 11:36:35 - root - INFO - Error Log: data\logs\errors.log
2025-12-12 11:36:35 - root - INFO - Scheduler Log: data\logs\scheduler.log
2025-12-12 11:36:35 - root - INFO - ================================================================================
2025-12-12 11:36:35 - __main__ - INFO - Configuration loaded from ./config/automation_config.yaml
2025-12-12 11:36:35 - app.Automation.file_watcher - INFO - --> Folder accessible: Local Inbox -> data\inbox
2025-12-12 11:36:35 - app.Automation.file_watcher - INFO - --> Folder accessible: DHL Production Server -> \\soj3serv07\Production To Office\DHL\inbox
2025-12-12 11:36:35 - app.Automation.file_watcher - INFO - File Watcher initialized
2025-12-12 11:36:35 - app.Automation.file_watcher - INFO - Monitoring 2 inbox folder(s)
2025-12-12 11:36:35 - app.Automation.file_watcher - INFO - Processed: data\processed
2025-12-12 11:36:35 - app.Automation.file_watcher - INFO - Failed: data\failed
2025-12-12 11:36:35 - app.Automation.scheduler - INFO - Automation Scheduler initialized
2025-12-12 11:36:35 - __main__ - INFO - :) Automation Service initialized
2025-12-12 11:36:35 - __main__ - INFO - ============================================================
2025-12-12 11:36:35 - __main__ - INFO - --> Starting DHL Tracking Automation Service
2025-12-12 11:36:35 - __main__ - INFO - ============================================================
2025-12-12 11:36:35 - apscheduler.scheduler - INFO - Adding job tentatively -- it will be properly scheduled when the scheduler starts
2025-12-12 11:36:35 - app.Automation.scheduler - INFO - Scheduled task 'daily_file_scan' at 09:00 daily
2025-12-12 11:36:35 - apscheduler.scheduler - INFO - Added job "daily_file_scan" to job store "default"
2025-12-12 11:36:35 - apscheduler.scheduler - INFO - Scheduler started
2025-12-12 11:36:35 - app.Automation.scheduler - INFO - --> Scheduler started
2025-12-12 11:36:35 - app.Automation.scheduler - INFO - Next run for 'daily_file_scan': 2025-12-13 09:00:00+02:00
2025-12-12 11:36:35 - __main__ - INFO - 📅 Scheduled daily scan at 09:00
2025-12-12 11:36:35 - __main__ - INFO - 📄 Auto-reports enabled (PDF format)
2025-12-12 11:36:35 - __main__ - INFO - ⚡ Immediate processing enabled
2025-12-12 11:36:35 - __main__ - INFO - 👁️ File watcher started (checking every 10 seconds)
2025-12-12 11:36:35 - __main__ - INFO -  ... Scanning all inbox folders for new files...
2025-12-12 11:36:37 - __main__ - INFO - Found 1 new file(s)
2025-12-12 11:36:37 - __main__ - INFO - Processing file: waybill_test18.xlsx (from: Local Inbox)
2025-12-12 11:36:37 - app.core.file_processor - INFO - File saved: ./data/uploads\upload_20251212_113637.xlsx
2025-12-12 11:36:38 - app.core.file_processor - INFO - No binID column found, all binIDs will be None
2025-12-12 11:36:38 - app.core.file_processor - INFO - Extracted 2 tracking records from Excel
2025-12-12 11:36:38 - app.core.file_processor - INFO - Cleaned up file: ./data/uploads\upload_20251212_113637.xlsx
2025-12-12 11:36:38 - __main__ - INFO - Extracted 2 records from waybill_test18.xlsx
2025-12-12 11:36:38 - app.core.batch_processor - INFO - Processing 2 waybills in batches of 5
2025-12-12 11:36:38 - app.core.batch_processor - INFO - Processing batch 1/1 (2 waybills)
2025-12-12 11:36:39 - httpx - INFO - HTTP Request: GET https://api-eu.dhl.com/track/shipments?trackingNumber=2906450470 "HTTP/1.1 200 OK"
2025-12-12 11:36:39 - httpx - INFO - HTTP Request: GET https://api-eu.dhl.com/track/shipments?trackingNumber=1621160925 "HTTP/1.1 200 OK"
2025-12-12 11:36:39 - app.core.batch_processor - INFO - Perfect! All waybills succeeded on first attempt!
2025-12-12 11:36:39 - app.core.batch_processor - INFO - 
================================================================================
2025-12-12 11:36:39 - app.core.batch_processor - INFO - BATCH batch_20251212_113638_e4143220 COMPLETE
2025-12-12 11:36:39 - app.core.batch_processor - INFO - ================================================================================
2025-12-12 11:36:39 - app.core.batch_processor - INFO - Successful: 2/2
2025-12-12 11:36:39 - app.core.batch_processor - INFO - Failed: 0/2
2025-12-12 11:36:39 - app.core.batch_processor - INFO - API calls made: 2
2025-12-12 11:36:39 - app.core.batch_processor - INFO - Processing time: 1.78s
2025-12-12 11:36:39 - app.core.batch_processor - INFO - ================================================================================

2025-12-12 11:36:39 - __main__ - INFO - Processing complete: 2 successful, 0 failed
2025-12-12 11:36:39 - app.Automation.file_watcher - INFO - Moved to processed: waybill_test18.xlsx -> Local_Inbox_waybill_test18_20251212_113639.xlsx
2025-12-12 11:36:39 - __main__ - INFO - 📄 Generating automatic report for 2 records...
2025-12-12 11:36:39 - app.core.export_services - INFO - PDF generated: ./exports\tracking_report_20251212_113639.pdf
2025-12-12 11:36:39 - __main__ - INFO - [:)] Report generated: tracking_report_20251212_113639.pdf
2025-12-12 11:36:39 - __main__ - INFO - <-> Saved to: ./exports\tracking_report_20251212_113639.pdf
2025-12-12 11:36:39 - __main__ - INFO - SMTP_USER: asithandileludonga6@gmail.com
2025-12-12 11:36:39 - __main__ - INFO - SMTP_PASS: irzdlzrnplgxjsjl
2025-12-12 11:36:39 - __main__ - INFO - EMAIL_TO: asithandileludonga78@gmail.com,2366821@students.wits.ac.za
2025-12-12 11:36:39 - __main__ - INFO - Enabled: True
2025-12-12 11:36:49 - __main__ - INFO -  ... Scanning all inbox folders for new files...
2025-12-12 11:36:49 - __main__ - INFO - No new files found
2025-12-12 11:36:59 - __main__ - INFO -  ... Scanning all inbox folders for new files...
2025-12-12 11:36:59 - __main__ - INFO - No new files found
2025-12-12 11:37:09 - __main__ - INFO -  ... Scanning all inbox folders for new files...
2025-12-12 11:37:09 - __main__ - INFO - No new files found
2025-12-12 11:37:19 - __main__ - INFO -  ... Scanning all inbox folders for new files...
2025-12-12 11:37:19 - __main__ - INFO - No new files found
2025-12-12 11:37:29 - __main__ - INFO -  ... Scanning all inbox folders for new files...
2025-12-12 11:37:29 - __main__ - INFO - No new files found
2025-12-12 11:37:39 - __main__ - INFO -  ... Scanning all inbox folders for new files...
2025-12-12 11:37:39 - __main__ - INFO - No new files found
2025-12-12 11:37:49 - __main__ - INFO -  ... Scanning all inbox folders for new files...
2025-12-12 11:37:49 - __main__ - INFO - No new files found
2025-12-12 11:37:59 - __main__ - INFO -  ... Scanning all inbox folders for new files...
2025-12-12 11:37:59 - __main__ - INFO - No new files found
2025-12-12 11:38:09 - __main__ - INFO -  ... Scanning all inbox folders for new files...
2025-12-12 11:38:09 - __main__ - INFO - No new files found
2025-12-12 11:38:20 - __main__ - INFO -  ... Scanning all inbox folders for new files...
2025-12-12 11:38:20 - __main__ - INFO - No new files found
2025-12-12 11:38:30 - __main__ - INFO -  ... Scanning all inbox folders for new files...
2025-12-12 11:38:30 - __main__ - INFO - No new files found
2025-12-12 11:38:40 - __main__ - INFO -  ... Scanning all inbox folders for new files...
2025-12-12 11:38:40 - __main__ - INFO - No new files found
2025-12-12 11:38:50 - __main__ - INFO - Received signal 2
2025-12-12 11:38:50 - __main__ - INFO - 🛑 Stopping automation service...
2025-12-12 11:38:50 - app.Automation.scheduler - INFO - [X]--> Scheduler stopped
2025-12-12 11:38:50 - __main__ - INFO - ✅ Automation service stopped
2025-12-12 11:38:50 - apscheduler.scheduler - INFO - Scheduler has been shut down
2025-12-12 14:00:49 - root - INFO - ================================================================================
2025-12-12 14:00:49 - root - INFO - Logging system initialized - Level: INFO
2025-12-12 14:00:49 - root - INFO - Logs directory: C:\Users\asithlud\Downloads\dhl-tracking-system\data\logs
2025-12-12 14:00:49 - root - INFO - App Log: data\logs\app.log
2025-12-12 14:00:49 - root - INFO - Automation Log: data\logs\automation.log
2025-12-12 14:00:49 - root - INFO - Error Log: data\logs\errors.log
2025-12-12 14:00:49 - root - INFO - Scheduler Log: data\logs\scheduler.log
2025-12-12 14:00:49 - root - INFO - ================================================================================
2025-12-12 14:00:49 - __main__ - INFO - Configuration loaded from ./config/automation_config.yaml
2025-12-12 14:00:49 - app.Automation.file_watcher - INFO - --> Folder accessible: Local Inbox -> data\inbox
2025-12-12 14:00:50 - app.Automation.file_watcher - INFO - --> Folder accessible: DHL Production Server -> \\soj3serv07\Production To Office\DHL\inbox
2025-12-12 14:00:50 - app.Automation.file_watcher - INFO - File Watcher initialized
2025-12-12 14:00:50 - app.Automation.file_watcher - INFO - Monitoring 2 inbox folder(s)
2025-12-12 14:00:50 - app.Automation.file_watcher - INFO - Processed: data\processed
2025-12-12 14:00:50 - app.Automation.file_watcher - INFO - Failed: data\failed
2025-12-12 14:00:50 - app.Automation.scheduler - INFO - Automation Scheduler initialized
2025-12-12 14:00:50 - __main__ - INFO - :) Automation Service initialized
2025-12-12 14:00:50 - __main__ - INFO - ============================================================
2025-12-12 14:00:50 - __main__ - INFO - --> Starting DHL Tracking Automation Service
2025-12-12 14:00:50 - __main__ - INFO - ============================================================
2025-12-12 14:00:50 - apscheduler.scheduler - INFO - Adding job tentatively -- it will be properly scheduled when the scheduler starts
2025-12-12 14:00:50 - app.Automation.scheduler - INFO - Scheduled task 'daily_file_scan' at 09:00 daily
2025-12-12 14:00:50 - apscheduler.scheduler - INFO - Added job "daily_file_scan" to job store "default"
2025-12-12 14:00:50 - apscheduler.scheduler - INFO - Scheduler started
2025-12-12 14:00:50 - app.Automation.scheduler - INFO - --> Scheduler started
2025-12-12 14:00:50 - app.Automation.scheduler - INFO - Next run for 'daily_file_scan': 2025-12-13 09:00:00+02:00
2025-12-12 14:00:50 - __main__ - INFO - 📅 Scheduled daily scan at 09:00
2025-12-12 14:00:50 - __main__ - INFO - 📄 Auto-reports enabled (PDF format)
2025-12-12 14:00:50 - __main__ - INFO - ⚡ Immediate processing enabled
2025-12-12 14:00:50 - __main__ - INFO - 👁️ File watcher started (checking every 10 seconds)
2025-12-12 14:00:50 - __main__ - INFO -  ... Scanning all inbox folders for new files...
2025-12-12 14:00:50 - __main__ - INFO - No new files found
2025-12-12 14:01:00 - __main__ - INFO -  ... Scanning all inbox folders for new files...
2025-12-12 14:01:00 - __main__ - INFO - No new files found
2025-12-12 14:01:10 - __main__ - INFO -  ... Scanning all inbox folders for new files...
2025-12-12 14:01:10 - __main__ - INFO - No new files found
2025-12-12 14:01:20 - __main__ - INFO -  ... Scanning all inbox folders for new files...
2025-12-12 14:01:20 - __main__ - INFO - No new files found
2025-12-12 14:01:30 - __main__ - INFO -  ... Scanning all inbox folders for new files...
2025-12-12 14:01:30 - __main__ - INFO - No new files found
2025-12-12 14:01:40 - __main__ - INFO -  ... Scanning all inbox folders for new files...
2025-12-12 14:01:42 - __main__ - INFO - Found 1 new file(s)
2025-12-12 14:01:42 - __main__ - INFO - Processing file: waybill_test19.xlsx (from: Local Inbox)
2025-12-12 14:01:42 - app.core.file_processor - INFO - File saved: ./data/uploads\upload_20251212_140142.xlsx
2025-12-12 14:01:42 - app.core.file_processor - INFO - No binID column found, all binIDs will be None
2025-12-12 14:01:42 - app.core.file_processor - INFO - Extracted 2 tracking records from Excel
2025-12-12 14:01:42 - app.core.file_processor - INFO - Cleaned up file: ./data/uploads\upload_20251212_140142.xlsx
2025-12-12 14:01:42 - __main__ - INFO - Extracted 2 records from waybill_test19.xlsx
2025-12-12 14:01:42 - app.core.batch_processor - INFO - Processing 2 waybills in batches of 5
2025-12-12 14:01:42 - app.core.batch_processor - INFO - Processing batch 1/1 (2 waybills)
2025-12-12 14:01:45 - httpx - INFO - HTTP Request: GET https://api-eu.dhl.com/track/shipments?trackingNumber=2906450470 "HTTP/1.1 200 OK"
2025-12-12 14:01:47 - httpx - INFO - HTTP Request: GET https://api-eu.dhl.com/track/shipments?trackingNumber=1621160925 "HTTP/1.1 200 OK"
2025-12-12 14:01:47 - app.core.batch_processor - INFO - Perfect! All waybills succeeded on first attempt!
2025-12-12 14:01:47 - app.core.batch_processor - INFO - 
================================================================================
2025-12-12 14:01:47 - app.core.batch_processor - INFO - BATCH batch_20251212_140142_82e4a0d6 COMPLETE
2025-12-12 14:01:47 - app.core.batch_processor - INFO - ================================================================================
2025-12-12 14:01:47 - app.core.batch_processor - INFO - Successful: 2/2
2025-12-12 14:01:47 - app.core.batch_processor - INFO - Failed: 0/2
2025-12-12 14:01:47 - app.core.batch_processor - INFO - API calls made: 2
2025-12-12 14:01:47 - app.core.batch_processor - INFO - Processing time: 4.24s
2025-12-12 14:01:47 - app.core.batch_processor - INFO - ================================================================================

2025-12-12 14:01:47 - __main__ - INFO - Processing complete: 2 successful, 0 failed
2025-12-12 14:01:47 - app.Automation.file_watcher - INFO - Moved to processed: waybill_test19.xlsx -> Local_Inbox_waybill_test19_20251212_140147.xlsx
2025-12-12 14:01:47 - __main__ - INFO - 📄 Generating automatic report for 2 records...
2025-12-12 14:01:47 - app.core.export_services - INFO - PDF generated: ./exports\tracking_report_20251212_140147.pdf
2025-12-12 14:01:47 - __main__ - INFO - [:)] Report generated: tracking_report_20251212_140147.pdf
2025-12-12 14:01:47 - __main__ - INFO - <-> Saved to: ./exports\tracking_report_20251212_140147.pdf
2025-12-12 14:01:47 - __main__ - INFO - SMTP_USER: asithandileludonga6@gmail.com
2025-12-12 14:01:47 - __main__ - INFO - SMTP_PASS: irzdlzrnplgxjsjl
2025-12-12 14:01:47 - __main__ - INFO - EMAIL_TO: asithandileludonga78@gmail.com,2366821@students.wits.ac.za
2025-12-12 14:01:47 - __main__ - INFO - Enabled: True
2025-12-12 14:01:57 - __main__ - INFO - Received signal 2
2025-12-12 14:01:57 - __main__ - INFO - 🛑 Stopping automation service...
2025-12-12 14:01:57 - app.Automation.scheduler - INFO - [X]--> Scheduler stopped
2025-12-12 14:01:57 - __main__ - INFO - ✅ Automation service stopped
2025-12-12 14:01:57 - apscheduler.scheduler - INFO - Scheduler has been shut down
2025-12-12 14:09:10 - root - INFO - ================================================================================
2025-12-12 14:09:10 - root - INFO - Logging system initialized - Level: INFO
2025-12-12 14:09:10 - root - INFO - Logs directory: C:\Users\asithlud\Downloads\dhl-tracking-system\data\logs
2025-12-12 14:09:10 - root - INFO - App Log: data\logs\app.log
2025-12-12 14:09:10 - root - INFO - Automation Log: data\logs\automation.log
2025-12-12 14:09:10 - root - INFO - Error Log: data\logs\errors.log
2025-12-12 14:09:10 - root - INFO - Scheduler Log: data\logs\scheduler.log
2025-12-12 14:09:10 - root - INFO - ================================================================================
2025-12-12 14:09:10 - __main__ - INFO - Configuration loaded from ./config/automation_config.yaml
2025-12-12 14:09:10 - app.Automation.file_watcher - INFO - --> Folder accessible: Local Inbox -> data\inbox
2025-12-12 14:09:10 - app.Automation.file_watcher - INFO - --> Folder accessible: DHL Production Server -> \\soj3serv07\Production To Office\DHL\inbox
2025-12-12 14:09:10 - app.Automation.file_watcher - INFO - File Watcher initialized
2025-12-12 14:09:10 - app.Automation.file_watcher - INFO - Monitoring 2 inbox folder(s)
2025-12-12 14:09:10 - app.Automation.file_watcher - INFO - Processed: data\processed
2025-12-12 14:09:10 - app.Automation.file_watcher - INFO - Failed: data\failed
2025-12-12 14:09:10 - app.Automation.scheduler - INFO - Automation Scheduler initialized
2025-12-12 14:09:10 - __main__ - INFO - :) Automation Service initialized
2025-12-12 14:09:10 - __main__ - INFO - ============================================================
2025-12-12 14:09:10 - __main__ - INFO - --> Starting DHL Tracking Automation Service
2025-12-12 14:09:10 - __main__ - INFO - ============================================================
2025-12-12 14:09:10 - apscheduler.scheduler - INFO - Adding job tentatively -- it will be properly scheduled when the scheduler starts
2025-12-12 14:09:10 - app.Automation.scheduler - INFO - Scheduled task 'daily_file_scan' at 09:00 daily
2025-12-12 14:09:10 - apscheduler.scheduler - INFO - Added job "daily_file_scan" to job store "default"
2025-12-12 14:09:10 - apscheduler.scheduler - INFO - Scheduler started
2025-12-12 14:09:10 - app.Automation.scheduler - INFO - --> Scheduler started
2025-12-12 14:09:10 - app.Automation.scheduler - INFO - Next run for 'daily_file_scan': 2025-12-13 09:00:00+02:00
2025-12-12 14:09:10 - __main__ - INFO - 📅 Scheduled daily scan at 09:00
2025-12-12 14:09:10 - __main__ - INFO - 📄 Auto-reports enabled (PDF format)
2025-12-12 14:09:10 - __main__ - INFO - ⚡ Immediate processing enabled
2025-12-12 14:09:10 - __main__ - INFO - 👁️ File watcher started (checking every 10 seconds)
2025-12-12 14:09:10 - __main__ - INFO -  ... Scanning all inbox folders for new files...
2025-12-12 14:09:12 - __main__ - INFO - Found 1 new file(s)
2025-12-12 14:09:12 - __main__ - INFO - Processing file: waybill_test20.xlsx (from: Local Inbox)
2025-12-12 14:09:12 - app.core.file_processor - INFO - File saved: ./data/uploads\upload_20251212_140912.xlsx
2025-12-12 14:09:13 - app.core.file_processor - INFO - No binID column found, all binIDs will be None
2025-12-12 14:09:13 - app.core.file_processor - INFO - Extracted 2 tracking records from Excel
2025-12-12 14:09:13 - app.core.file_processor - INFO - Cleaned up file: ./data/uploads\upload_20251212_140912.xlsx
2025-12-12 14:09:13 - __main__ - INFO - Extracted 2 records from waybill_test20.xlsx
2025-12-12 14:09:13 - app.core.batch_processor - INFO - Using cached data for 1621160925 (binID: None)
2025-12-12 14:09:13 - app.core.batch_processor - INFO - Using cached data for 2906450470 (binID: None)
2025-12-12 14:09:13 - app.core.batch_processor - INFO - 
================================================================================
2025-12-12 14:09:13 - app.core.batch_processor - INFO - BATCH batch_20251212_140913_8ac0c640 COMPLETE
2025-12-12 14:09:13 - app.core.batch_processor - INFO - ================================================================================
2025-12-12 14:09:13 - app.core.batch_processor - INFO - Successful: 2/2
2025-12-12 14:09:13 - app.core.batch_processor - INFO - Failed: 0/2
2025-12-12 14:09:13 - app.core.batch_processor - INFO - API calls made: 0
2025-12-12 14:09:13 - app.core.batch_processor - INFO - Processing time: 0.01s
2025-12-12 14:09:13 - app.core.batch_processor - INFO - ================================================================================

2025-12-12 14:09:13 - __main__ - INFO - Processing complete: 2 successful, 0 failed
2025-12-12 14:09:13 - app.Automation.file_watcher - INFO - Moved to processed: waybill_test20.xlsx -> Local_Inbox_waybill_test20_20251212_140913.xlsx
2025-12-12 14:09:13 - __main__ - INFO - 📄 Generating automatic report for 2 records...
2025-12-12 14:09:13 - app.core.export_services - INFO - PDF generated: ./exports\tracking_report_20251212_140913.pdf
2025-12-12 14:09:13 - __main__ - INFO - [:)] Report generated: tracking_report_20251212_140913.pdf
2025-12-12 14:09:13 - __main__ - INFO - <-> Saved to: ./exports\tracking_report_20251212_140913.pdf
2025-12-12 14:09:18 - app.utils.email_service - INFO - Auto-email sent → asithandileludonga78@gmail.com, 2366821@students.wits.ac.za
2025-12-12 14:09:18 - __main__ - INFO - SMTP_USER: asithandileludonga6@gmail.com
2025-12-12 14:09:18 - __main__ - INFO - SMTP_PASS: irzdlzrnplgxjsjl
2025-12-12 14:09:18 - __main__ - INFO - EMAIL_TO: asithandileludonga78@gmail.com,2366821@students.wits.ac.za
2025-12-12 14:09:18 - __main__ - INFO - Enabled: True
2025-12-12 14:09:28 - __main__ - INFO -  ... Scanning all inbox folders for new files...
2025-12-12 14:09:28 - __main__ - INFO - No new files found
2025-12-12 14:09:38 - __main__ - INFO -  ... Scanning all inbox folders for new files...
2025-12-12 14:09:38 - __main__ - INFO - No new files found
2025-12-12 14:09:48 - __main__ - INFO -  ... Scanning all inbox folders for new files...
2025-12-12 14:09:48 - __main__ - INFO - No new files found
2025-12-12 14:09:58 - __main__ - INFO -  ... Scanning all inbox folders for new files...
2025-12-12 14:09:58 - __main__ - INFO - No new files found
2025-12-12 14:10:08 - __main__ - INFO -  ... Scanning all inbox folders for new files...
2025-12-12 14:10:08 - __main__ - INFO - No new files found
2025-12-12 14:10:18 - __main__ - INFO -  ... Scanning all inbox folders for new files...
2025-12-12 14:10:18 - __main__ - INFO - No new files found
2025-12-12 14:10:28 - __main__ - INFO -  ... Scanning all inbox folders for new files...
2025-12-12 14:10:28 - __main__ - INFO - No new files found
2025-12-12 14:10:38 - __main__ - INFO -  ... Scanning all inbox folders for new files...
2025-12-12 14:10:38 - __main__ - INFO - No new files found
2025-12-12 14:10:48 - __main__ - INFO -  ... Scanning all inbox folders for new files...
2025-12-12 14:10:48 - __main__ - INFO - No new files found
2025-12-12 14:10:58 - __main__ - INFO -  ... Scanning all inbox folders for new files...
2025-12-12 14:10:58 - __main__ - INFO - No new files found
2025-12-12 14:11:08 - __main__ - INFO -  ... Scanning all inbox folders for new files...
2025-12-12 14:11:08 - __main__ - INFO - No new files found
2025-12-12 14:11:18 - __main__ - INFO -  ... Scanning all inbox folders for new files...
2025-12-12 14:11:18 - __main__ - INFO - No new files found
2025-12-12 14:11:28 - __main__ - INFO -  ... Scanning all inbox folders for new files...
2025-12-12 14:11:28 - __main__ - INFO - No new files found
2025-12-12 14:11:38 - __main__ - INFO -  ... Scanning all inbox folders for new files...
2025-12-12 14:11:38 - __main__ - INFO - No new files found
2025-12-12 14:11:48 - __main__ - INFO -  ... Scanning all inbox folders for new files...
2025-12-12 14:11:48 - __main__ - INFO - No new files found
2025-12-12 14:11:58 - __main__ - INFO -  ... Scanning all inbox folders for new files...
2025-12-12 14:11:58 - __main__ - INFO - No new files found
2025-12-12 14:12:08 - __main__ - INFO -  ... Scanning all inbox folders for new files...
2025-12-12 14:12:08 - __main__ - INFO - No new files found
2025-12-12 14:12:18 - __main__ - INFO -  ... Scanning all inbox folders for new files...
2025-12-12 14:12:18 - __main__ - INFO - No new files found
2025-12-12 14:12:28 - __main__ - INFO -  ... Scanning all inbox folders for new files...
2025-12-12 14:12:28 - __main__ - INFO - No new files found
2025-12-12 14:12:38 - __main__ - INFO -  ... Scanning all inbox folders for new files...
2025-12-12 14:12:38 - __main__ - INFO - No new files found
2025-12-12 14:12:48 - __main__ - INFO -  ... Scanning all inbox folders for new files...
2025-12-12 14:12:48 - __main__ - INFO - No new files found
2025-12-12 14:12:58 - __main__ - INFO -  ... Scanning all inbox folders for new files...
2025-12-12 14:12:58 - __main__ - INFO - No new files found
2025-12-12 14:13:08 - __main__ - INFO -  ... Scanning all inbox folders for new files...
2025-12-12 14:13:08 - __main__ - INFO - No new files found
2025-12-12 14:13:18 - __main__ - INFO -  ... Scanning all inbox folders for new files...
2025-12-12 14:13:18 - __main__ - INFO - No new files found
2025-12-12 14:13:28 - __main__ - INFO -  ... Scanning all inbox folders for new files...
2025-12-12 14:13:28 - __main__ - INFO - No new files found
2025-12-12 14:13:38 - __main__ - INFO -  ... Scanning all inbox folders for new files...
2025-12-12 14:13:38 - __main__ - INFO - No new files found
2025-12-12 14:13:48 - __main__ - INFO -  ... Scanning all inbox folders for new files...
2025-12-12 14:13:48 - __main__ - INFO - No new files found
2025-12-12 14:13:58 - __main__ - INFO -  ... Scanning all inbox folders for new files...
2025-12-12 14:13:58 - __main__ - INFO - No new files found
2025-12-12 14:14:08 - __main__ - INFO -  ... Scanning all inbox folders for new files...
2025-12-12 14:14:08 - __main__ - INFO - No new files found
2025-12-12 14:14:18 - __main__ - INFO -  ... Scanning all inbox folders for new files...
2025-12-12 14:14:18 - __main__ - INFO - No new files found
2025-12-12 14:14:28 - __main__ - INFO -  ... Scanning all inbox folders for new files...
2025-12-12 14:14:28 - __main__ - INFO - No new files found
2025-12-12 14:14:38 - __main__ - INFO -  ... Scanning all inbox folders for new files...
2025-12-12 14:14:38 - __main__ - INFO - No new files found
2025-12-12 14:14:48 - __main__ - INFO - Received signal 2
2025-12-12 14:14:48 - __main__ - INFO - 🛑 Stopping automation service...
2025-12-12 14:14:48 - app.Automation.scheduler - INFO - [X]--> Scheduler stopped
2025-12-12 14:14:48 - __main__ - INFO - ✅ Automation service stopped
2025-12-12 14:14:48 - apscheduler.scheduler - INFO - Scheduler has been shut down
