2025-12-11 23:12:17 - app.Automation.file_watcher - ERROR - X-> Error accessing DHL Production Server: [WinError 53] The network path was not found: '\\\\soj3serv07\\Production To Office\\'
2025-12-11 23:13:24 - app.core.batch_processor - ERROR - Batch processing error: (sqlite3.OperationalError) no such table: api_usage
[SQL: SELECT api_usage.id AS api_usage_id, api_usage.date AS api_usage_date, api_usage.request_count AS api_usage_request_count, api_usage.successful_requests AS api_usage_successful_requests, api_usage.failed_requests AS api_usage_failed_requests, api_usage.created_at AS api_usage_created_at, api_usage.updated_at AS api_usage_updated_at 
FROM api_usage 
WHERE api_usage.date = ?
 LIMIT ? OFFSET ?]
[parameters: ('2025-12-11', 1, 0)]
(Background on this error at: https://sqlalche.me/e/20/e3q8)
2025-12-11 23:13:24 - __main__ - ERROR - Error generating report: (sqlite3.OperationalError) no such table: tracking_records
[SQL: SELECT tracking_records.id AS tracking_records_id, tracking_records.tracking_number AS tracking_records_tracking_number, tracking_records.bin_id AS tracking_records_bin_id, tracking_records.status_code AS tracking_records_status_code, tracking_records.status AS tracking_records_status, tracking_records.origin AS tracking_records_origin, tracking_records.destination AS tracking_records_destination, tracking_records.tracking_details AS tracking_records_tracking_details, tracking_records.batch_id AS tracking_records_batch_id, tracking_records.is_successful AS tracking_records_is_successful, tracking_records.error_message AS tracking_records_error_message, tracking_records.created_at AS tracking_records_created_at, tracking_records.updated_at AS tracking_records_updated_at, tracking_records.last_checked AS tracking_records_last_checked 
FROM tracking_records 
WHERE tracking_records.tracking_number IN (?, ?, ?, ?)]
[parameters: ('1621160925', '2906450470', '9545652756', '5196705570')]
(Background on this error at: https://sqlalche.me/e/20/e3q8)
2025-12-11 23:13:57 - app.Automation.file_watcher - ERROR - Error scanning DHL Production Server: [WinError 64] The specified network name is no longer available: '\\\\soj3serv07\\Production To Office\\DHL\\inbox'
2025-12-11 23:16:08 - app.Automation.file_watcher - ERROR - Error scanning DHL Production Server: [WinError 64] The specified network name is no longer available: '\\\\soj3serv07\\Production To Office\\DHL\\inbox'
2025-12-11 23:39:22 - app.Automation.file_watcher - ERROR - Error scanning DHL Production Server: [WinError 64] The specified network name is no longer available: '\\\\soj3serv07\\Production To Office\\DHL\\inbox'
2025-12-11 23:59:15 - app.Automation.file_watcher - ERROR - X-> Error accessing DHL Production Server: [WinError 53] The network path was not found: '\\\\soj3serv07\\Production To Office\\'
2025-12-11 23:59:17 - app.core.batch_processor - ERROR - Batch processing error: (sqlite3.OperationalError) no such table: api_usage
[SQL: SELECT api_usage.id AS api_usage_id, api_usage.date AS api_usage_date, api_usage.request_count AS api_usage_request_count, api_usage.successful_requests AS api_usage_successful_requests, api_usage.failed_requests AS api_usage_failed_requests, api_usage.created_at AS api_usage_created_at, api_usage.updated_at AS api_usage_updated_at 
FROM api_usage 
WHERE api_usage.date = ?
 LIMIT ? OFFSET ?]
[parameters: ('2025-12-11', 1, 0)]
(Background on this error at: https://sqlalche.me/e/20/e3q8)
2025-12-11 23:59:17 - __main__ - ERROR - Error generating report: (sqlite3.OperationalError) no such table: tracking_records
[SQL: SELECT tracking_records.id AS tracking_records_id, tracking_records.tracking_number AS tracking_records_tracking_number, tracking_records.bin_id AS tracking_records_bin_id, tracking_records.status_code AS tracking_records_status_code, tracking_records.status AS tracking_records_status, tracking_records.origin AS tracking_records_origin, tracking_records.destination AS tracking_records_destination, tracking_records.tracking_details AS tracking_records_tracking_details, tracking_records.batch_id AS tracking_records_batch_id, tracking_records.is_successful AS tracking_records_is_successful, tracking_records.error_message AS tracking_records_error_message, tracking_records.created_at AS tracking_records_created_at, tracking_records.updated_at AS tracking_records_updated_at, tracking_records.last_checked AS tracking_records_last_checked 
FROM tracking_records 
WHERE tracking_records.tracking_number IN (?, ?, ?, ?)]
[parameters: ('1621160925', '2906450470', '9545652756', '5196705570')]
(Background on this error at: https://sqlalche.me/e/20/e3q8)
